2026-08-31 14:46:59,172 INFO AVS_ZohoIntegration.Program - AVS SFTPSync Version [1.0.0.0]
2026-08-31 14:46:59,185 INFO AVS_ZohoIntegration.Program - Leyendo archivo de configuracion.
2026-08-31 14:46:59,510 ERROR AVS_ZohoIntegration.Program - After parsing a value an unexpected character was encountered: I. Path '[0].Zoho_EntityConfig.OITM.Query', line 21, position 9.
2026-08-31 14:47:17,339 INFO AVS_ZohoIntegration.Program - AVS SFTPSync Version [1.0.0.0]
2026-08-31 14:47:17,363 INFO AVS_ZohoIntegration.Program - Leyendo archivo de configuracion.
2026-08-31 14:50:31,103 INFO AVS_ZohoIntegration.Program - AVS SFTPSync Version [1.0.0.0]
2026-08-31 14:50:31,116 INFO AVS_ZohoIntegration.Program - Leyendo archivo de configuracion.
2026-08-31 14:51:30,673 INFO AVS_ZohoIntegration.Program - AVS SFTPSync Version [1.0.0.0]
2026-08-31 14:51:30,686 INFO AVS_ZohoIntegration.Program - Leyendo archivo de configuracion.
2026-08-31 14:51:33,881 INFO AVS_ZohoIntegration.Program - Archivo de configuracion leido correctamente.
2026-08-31 15:08:34,241 INFO AVS_ZohoIntegration.Program - AVS SFTPSync Version [1.0.0.0]
2026-08-31 15:08:34,252 INFO AVS_ZohoIntegration.Program - Leyendo archivo de configuracion.
2026-08-31 15:08:37,269 INFO AVS_ZohoIntegration.Program - Archivo de configuracion leido correctamente.
2026-08-31 15:08:38,435 DEBUG AVS_ZohoIntegration.Program - **************************************************************************
2026-08-31 15:08:38,435 DEBUG AVS_ZohoIntegration.Program - Ejecutando sincronizacion para: SBODemoMX
2026-08-31 15:08:44,844 DEBUG AVS_ZohoIntegration.Program - Validando licencia...
2026-08-31 15:08:44,845 INFO AVS_ZohoIntegration.Program - Licencia valida.
2026-08-31 15:08:44,846 INFO AVS_ZohoIntegration.Program - Comando recibido: DBCHECK
2026-08-31 15:08:44,846 DEBUG AVS_ZohoIntegration.Program - Iniciando preparación de estructuras de base de datos...
2026-08-31 15:08:44,848 DEBUG AVS_ZohoIntegration.Program - Enviando listas a CrearEstructuras...
2026-08-31 15:08:44,851 INFO AVS_ZohoIntegration.Program - === Iniciando proceso: crear/actualizar tablas, campos y UDOs ===
2026-08-31 15:08:45,012 INFO AVS_ZohoIntegration.Program - Creando campo AVS_Zoho_Sync en OITM
2026-08-31 15:08:46,150 INFO AVS_ZohoIntegration.Program - Campo AVS_Zoho_Sync creado correctamente.
2026-08-31 15:08:46,268 INFO AVS_ZohoIntegration.Program - Creando campo AVS_Zoho_ProcResult en OITM
2026-08-31 15:08:46,587 INFO AVS_ZohoIntegration.Program - Campo AVS_Zoho_ProcResult creado correctamente.
2026-08-31 15:08:46,590 INFO AVS_ZohoIntegration.Program - === Fin de proceso ===
2026-08-31 15:08:46,590 INFO AVS_ZohoIntegration.Program - Proceso finalizado.
2026-08-31 15:08:46,591 INFO AVS_ZohoIntegration.Program - Cerrando conexión con SAP
2026-08-31 15:08:49,060 INFO AVS_ZohoIntegration.Program - Conexión SAP cerrada correctamente.
2026-08-31 15:08:49,060 INFO AVS_ZohoIntegration.Program - **************************************************************************
2026-08-31 15:29:06,480 INFO AVS_ZohoIntegration.Program - AVS ZohoIntegration Version [1.0.0.0]
2026-08-31 15:29:06,500 INFO AVS_ZohoIntegration.Program - Leyendo archivo de configuracion.
2026-08-31 15:29:06,833 INFO AVS_ZohoIntegration.Program - Archivo de configuracion leido correctamente.
2026-08-31 15:29:06,834 DEBUG AVS_ZohoIntegration.Program - **************************************************************************
2026-08-31 15:29:06,836 DEBUG AVS_ZohoIntegration.Program - Ejecutando sincronizacion para: SBODemoMX
2026-08-31 15:29:11,975 DEBUG AVS_ZohoIntegration.Program - Validando licencia...
2026-08-31 15:29:11,976 INFO AVS_ZohoIntegration.Program - Licencia valida.
2026-08-31 15:29:11,979 INFO AVS_ZohoIntegration.Program - Comando recibido: DBCHECK
2026-08-31 15:29:11,981 DEBUG AVS_ZohoIntegration.Program - Iniciando preparación de estructuras de base de datos...
2026-08-31 15:29:11,986 DEBUG AVS_ZohoIntegration.Program - Enviando listas a CrearEstructuras...
2026-08-31 15:29:11,993 INFO AVS_ZohoIntegration.Program - === Iniciando proceso: crear/actualizar tablas, campos y UDOs ===
2026-08-31 15:29:12,101 INFO AVS_ZohoIntegration.Program - Creando tabla @AVS_ZOHO_LOG...
2026-08-31 15:29:12,461 INFO AVS_ZohoIntegration.Program - Tabla @AVS_ZOHO_LOG creada exitosamente.
2026-08-31 15:29:12,466 INFO AVS_ZohoIntegration.Program - Tabla de usuario @AVS_ZOHO_LOG creada/actualizada correctamente.
2026-08-31 15:29:12,635 INFO AVS_ZohoIntegration.Program - Actualizando campo AVS_Zoho_Sync
2026-08-31 15:29:13,370 INFO AVS_ZohoIntegration.Program - Campo AVS_Zoho_Sync actualizado.
2026-08-31 15:29:13,511 INFO AVS_ZohoIntegration.Program - Actualizando campo AVS_Zoho_ProcResult
2026-08-31 15:29:13,841 INFO AVS_ZohoIntegration.Program - Campo AVS_Zoho_ProcResult actualizado.
2026-08-31 15:29:13,972 INFO AVS_ZohoIntegration.Program - Creando campo LastSync en @AVS_ZOHO_LOG
2026-08-31 15:29:14,128 INFO AVS_ZohoIntegration.Program - Campo LastSync creado correctamente.
2026-08-31 15:29:14,132 INFO AVS_ZohoIntegration.Program - === Fin de proceso ===
2026-08-31 15:29:14,133 INFO AVS_ZohoIntegration.Program - Proceso finalizado.
2026-08-31 15:29:14,134 INFO AVS_ZohoIntegration.Program - Cerrando conexión con SAP
2026-08-31 15:29:15,996 INFO AVS_ZohoIntegration.Program - Conexión SAP cerrada correctamente.
2026-08-31 15:29:15,997 INFO AVS_ZohoIntegration.Program - **************************************************************************
2026-08-31 15:45:42,236 INFO AVS_ZohoIntegration.Program - AVS ZohoIntegration Version [1.0.0.0]
2026-08-31 15:45:42,260 INFO AVS_ZohoIntegration.Program - Leyendo archivo de configuracion.
2026-08-31 15:45:42,620 INFO AVS_ZohoIntegration.Program - Archivo de configuracion leido correctamente.
2026-08-31 15:45:42,621 DEBUG AVS_ZohoIntegration.Program - **************************************************************************
2026-08-31 15:45:42,622 DEBUG AVS_ZohoIntegration.Program - Ejecutando sincronizacion para: SBODemoMX
2026-08-31 15:45:48,917 DEBUG AVS_ZohoIntegration.Program - Validando licencia...
2026-08-31 15:45:48,918 INFO AVS_ZohoIntegration.Program - Licencia valida.
2026-08-31 15:45:48,919 INFO AVS_ZohoIntegration.Program - Comando recibido: DBCHECK
2026-08-31 15:45:48,920 DEBUG AVS_ZohoIntegration.Program - Iniciando preparación de estructuras de base de datos...
2026-08-31 15:45:48,923 DEBUG AVS_ZohoIntegration.Program - Enviando listas a CrearEstructuras...
2026-08-31 15:45:48,928 INFO AVS_ZohoIntegration.Program - === Iniciando proceso: crear/actualizar tablas, campos y UDOs ===
2026-08-31 15:45:48,997 INFO AVS_ZohoIntegration.Program - Tabla @AVS_ZOHO_LOG ya existe. Actualizando descripción y tipo...
2026-08-31 15:45:49,197 INFO AVS_ZohoIntegration.Program - Tabla @AVS_ZOHO_LOG actualizada.
2026-08-31 15:45:49,201 INFO AVS_ZohoIntegration.Program - Tabla de usuario @AVS_ZOHO_LOG creada/actualizada correctamente.
2026-08-31 15:45:49,351 INFO AVS_ZohoIntegration.Program - Actualizando campo AVS_Zoho_Sync
2026-08-31 15:45:50,021 INFO AVS_ZohoIntegration.Program - Campo AVS_Zoho_Sync actualizado.
2026-08-31 15:45:50,158 INFO AVS_ZohoIntegration.Program - Actualizando campo AVS_Zoho_ProcResult
2026-08-31 15:45:50,443 INFO AVS_ZohoIntegration.Program - Campo AVS_Zoho_ProcResult actualizado.
2026-08-31 15:45:50,579 INFO AVS_ZohoIntegration.Program - Actualizando campo LastSync
2026-08-31 15:45:50,695 INFO AVS_ZohoIntegration.Program - Campo LastSync actualizado.
2026-08-31 15:45:50,808 INFO AVS_ZohoIntegration.Program - Creando campo LastTime en @AVS_ZOHO_LOG
2026-08-31 15:45:50,928 INFO AVS_ZohoIntegration.Program - Campo LastTime creado correctamente.
2026-08-31 15:45:50,930 INFO AVS_ZohoIntegration.Program - === Fin de proceso ===
2026-08-31 15:45:50,931 INFO AVS_ZohoIntegration.Program - Proceso finalizado.
2026-08-31 15:45:50,932 INFO AVS_ZohoIntegration.Program - Cerrando conexión con SAP
2026-08-31 15:45:52,936 INFO AVS_ZohoIntegration.Program - Conexión SAP cerrada correctamente.
2026-08-31 15:45:52,937 INFO AVS_ZohoIntegration.Program - **************************************************************************
2026-08-31 16:45:43,708 INFO AVS_ZohoIntegration.Program - AVS ZohoIntegration Version [1.0.0.0]
2026-08-31 16:45:43,723 INFO AVS_ZohoIntegration.Program - Leyendo archivo de configuracion.
2026-08-31 16:45:44,014 INFO AVS_ZohoIntegration.Program - Archivo de configuracion leido correctamente.
2026-08-31 16:45:44,015 DEBUG AVS_ZohoIntegration.Program - **************************************************************************
2026-08-31 16:45:44,016 DEBUG AVS_ZohoIntegration.Program - Ejecutando sincronizacion para: SBODemoMX
2026-08-31 16:45:48,290 DEBUG AVS_ZohoIntegration.Program - Validando licencia...
2026-08-31 16:45:48,291 INFO AVS_ZohoIntegration.Program - Licencia valida.
2026-08-31 16:45:48,292 INFO AVS_ZohoIntegration.Program - Comando recibido: DBCHECK
2026-08-31 16:45:48,292 DEBUG AVS_ZohoIntegration.Program - Iniciando preparación de estructuras de base de datos...
2026-08-31 16:45:48,294 DEBUG AVS_ZohoIntegration.Program - Enviando listas a CrearEstructuras...
2026-08-31 16:45:48,295 INFO AVS_ZohoIntegration.Program - === Iniciando proceso: crear/actualizar tablas, campos y UDOs ===
2026-08-31 16:45:48,361 INFO AVS_ZohoIntegration.Program - Tabla @AVS_ZOHO_LOG ya existe. Actualizando descripción y tipo...
2026-08-31 16:45:48,561 INFO AVS_ZohoIntegration.Program - Tabla @AVS_ZOHO_LOG actualizada.
2026-08-31 16:45:48,563 INFO AVS_ZohoIntegration.Program - Tabla de usuario @AVS_ZOHO_LOG creada/actualizada correctamente.
2026-08-31 16:45:48,725 INFO AVS_ZohoIntegration.Program - Actualizando campo AVS_Zoho_Sync
2026-08-31 16:45:49,499 INFO AVS_ZohoIntegration.Program - Campo AVS_Zoho_Sync actualizado.
2026-08-31 16:45:49,635 INFO AVS_ZohoIntegration.Program - Actualizando campo AVS_Zoho_ProcResult
2026-08-31 16:45:49,901 INFO AVS_ZohoIntegration.Program - Campo AVS_Zoho_ProcResult actualizado.
2026-08-31 16:45:50,030 INFO AVS_ZohoIntegration.Program - Actualizando campo LastSync
2026-08-31 16:45:50,141 INFO AVS_ZohoIntegration.Program - Campo LastSync actualizado.
2026-08-31 16:45:50,276 INFO AVS_ZohoIntegration.Program - Actualizando campo LastTime
2026-08-31 16:45:50,369 INFO AVS_ZohoIntegration.Program - Campo LastTime actualizado.
2026-08-31 16:45:50,373 INFO AVS_ZohoIntegration.Program - === Fin de proceso ===
2026-08-31 16:45:50,373 INFO AVS_ZohoIntegration.Program - Proceso finalizado.
2026-08-31 16:45:50,374 INFO AVS_ZohoIntegration.Program - Cerrando conexión con SAP
2026-08-31 16:45:52,184 INFO AVS_ZohoIntegration.Program - Conexión SAP cerrada correctamente.
2026-08-31 16:45:52,185 INFO AVS_ZohoIntegration.Program - **************************************************************************
2026-08-31 16:49:25,268 INFO AVS_ZohoIntegration.Program - AVS ZohoIntegration Version [1.0.0.0]
2026-08-31 16:49:25,281 INFO AVS_ZohoIntegration.Program - Leyendo archivo de configuracion.
2026-08-31 16:49:25,486 INFO AVS_ZohoIntegration.Program - Archivo de configuracion leido correctamente.
2026-08-31 16:49:25,486 DEBUG AVS_ZohoIntegration.Program - **************************************************************************
2026-08-31 16:49:25,488 DEBUG AVS_ZohoIntegration.Program - Ejecutando sincronizacion para: SBODemoMX
2026-08-31 16:49:30,062 DEBUG AVS_ZohoIntegration.Program - Validando licencia...
2026-08-31 16:49:30,063 INFO AVS_ZohoIntegration.Program - Licencia valida.
2026-08-31 16:49:30,064 INFO AVS_ZohoIntegration.Program - Comando recibido: DBCHECK
2026-08-31 16:49:30,064 DEBUG AVS_ZohoIntegration.Program - Iniciando preparación de estructuras de base de datos...
2026-08-31 16:49:30,066 DEBUG AVS_ZohoIntegration.Program - Enviando listas a CrearEstructuras...
2026-08-31 16:49:30,068 INFO AVS_ZohoIntegration.Program - === Iniciando proceso: crear/actualizar tablas, campos y UDOs ===
2026-08-31 16:49:30,129 INFO AVS_ZohoIntegration.Program - Tabla @AVS_ZOHO_LOG ya existe. Actualizando descripción y tipo...
2026-08-31 16:49:30,315 INFO AVS_ZohoIntegration.Program - Tabla @AVS_ZOHO_LOG actualizada.
2026-08-31 16:49:30,318 INFO AVS_ZohoIntegration.Program - Tabla de usuario @AVS_ZOHO_LOG creada/actualizada correctamente.
2026-08-31 16:49:30,473 INFO AVS_ZohoIntegration.Program - Actualizando campo AVS_Zoho_Sync
2026-08-31 16:49:31,062 INFO AVS_ZohoIntegration.Program - Campo AVS_Zoho_Sync actualizado.
2026-08-31 16:49:31,183 INFO AVS_ZohoIntegration.Program - Actualizando campo AVS_Zoho_ProcResult
2026-08-31 16:49:31,444 INFO AVS_ZohoIntegration.Program - Campo AVS_Zoho_ProcResult actualizado.
2026-08-31 16:49:31,575 INFO AVS_ZohoIntegration.Program - Actualizando campo LastSync
2026-08-31 16:49:31,675 INFO AVS_ZohoIntegration.Program - Campo LastSync actualizado.
2026-08-31 16:49:31,808 INFO AVS_ZohoIntegration.Program - Actualizando campo LastTime
2026-08-31 16:49:31,903 INFO AVS_ZohoIntegration.Program - Campo LastTime actualizado.
2026-08-31 16:49:31,905 INFO AVS_ZohoIntegration.Program - === Fin de proceso ===
2026-08-31 16:49:31,906 INFO AVS_ZohoIntegration.Program - Proceso finalizado.
2026-08-31 16:49:31,906 INFO AVS_ZohoIntegration.Program - Cerrando conexión con SAP
2026-08-31 16:49:34,383 INFO AVS_ZohoIntegration.Program - Conexión SAP cerrada correctamente.
2026-08-31 16:49:34,384 INFO AVS_ZohoIntegration.Program - **************************************************************************
